// Jest Snapshot v1, https://goo.gl/fbAQLP

exports[`Test the Home page renders correctly and matches snapshot 1`] = `
<div>
  <div>
    <div
      style={
        {
          "position": "relative",
        }
      }
    >
      <svg
        focusable={false}
        height={300}
        role="img"
        width={750}
        xmlns="http://www.w3.org/2000/svg"
      >
        <defs
          aria-hidden={true}
        >
          <pattern
            height={10}
            id="dots"
            patternUnits="userSpaceOnUse"
            width={10}
          >
            <rect
              fill="inherit"
              height={10}
              width={10}
            />
            <circle
              cx={2.5}
              cy={2.5}
              fill="#b62867"
              r={2}
            />
            <circle
              cx={7.5}
              cy={7.5}
              fill="#b62867"
              r={2}
            />
          </pattern>
          <pattern
            height={14.14213562373095}
            id="lines"
            patternUnits="userSpaceOnUse"
            width={14.142135623730951}
          >
            <rect
              fill="inherit"
              height={14.14213562373095}
              stroke="rgba(255, 0, 0, 0.1)"
              strokeWidth={0}
              width={14.142135623730951}
            />
            <path
              d="
                    M -14.142135623730951 14.14213562373095 L 14.142135623730951 -14.14213562373095
                    M -14.142135623730951 28.2842712474619 L 28.284271247461902 -14.14213562373095
                    M 0 28.2842712474619 L 28.284271247461902 0
                "
              stroke="#eed312"
              strokeLinecap="square"
              strokeWidth={6}
            />
          </pattern>
        </defs>
        <rect
          fill="transparent"
          height={300}
          width={750}
        />
        <g
          transform="translate(80,0)"
        >
          <g>
            <line
              opacity={1}
              stroke="#dddddd"
              strokeWidth={1}
              x1={0}
              x2={570}
              y1={213}
              y2={213}
            />
            <line
              opacity={1}
              stroke="#dddddd"
              strokeWidth={1}
              x1={0}
              x2={570}
              y1={155}
              y2={155}
            />
            <line
              opacity={1}
              stroke="#dddddd"
              strokeWidth={1}
              x1={0}
              x2={570}
              y1={97}
              y2={97}
            />
            <line
              opacity={1}
              stroke="#dddddd"
              strokeWidth={1}
              x1={0}
              x2={570}
              y1={39}
              y2={39}
            />
          </g>
          <g
            transform="translate(570,0)"
          >
            <g
              style={
                {
                  "opacity": 1,
                }
              }
              transform="translate(0,213)"
            >
              <line
                style={
                  {
                    "stroke": "#777777",
                    "strokeWidth": 1,
                  }
                }
                x1={0}
                x2={5}
                y1={0}
                y2={0}
              />
              <text
                dominantBaseline="central"
                style={
                  {
                    "fill": "#333333",
                    "fontFamily": "sans-serif",
                    "fontSize": 11,
                  }
                }
                textAnchor="start"
                transform="translate(10,0) rotate(0)"
              >
                 components.QuestionnaireResults.TableILS.Sequential
              </text>
            </g>
            <g
              style={
                {
                  "opacity": 1,
                }
              }
              transform="translate(0,155)"
            >
              <line
                style={
                  {
                    "stroke": "#777777",
                    "strokeWidth": 1,
                  }
                }
                x1={0}
                x2={5}
                y1={0}
                y2={0}
              />
              <text
                dominantBaseline="central"
                style={
                  {
                    "fill": "#333333",
                    "fontFamily": "sans-serif",
                    "fontSize": 11,
                  }
                }
                textAnchor="start"
                transform="translate(10,0) rotate(0)"
              >
                 components.QuestionnaireResults.TableILS.Visual
              </text>
            </g>
            <g
              style={
                {
                  "opacity": 1,
                }
              }
              transform="translate(0,97)"
            >
              <line
                style={
                  {
                    "stroke": "#777777",
                    "strokeWidth": 1,
                  }
                }
                x1={0}
                x2={5}
                y1={0}
                y2={0}
              />
              <text
                dominantBaseline="central"
                style={
                  {
                    "fill": "#333333",
                    "fontFamily": "sans-serif",
                    "fontSize": 11,
                  }
                }
                textAnchor="start"
                transform="translate(10,0) rotate(0)"
              >
                 components.QuestionnaireResults.TableILS.Sensory
              </text>
            </g>
            <g
              style={
                {
                  "opacity": 1,
                }
              }
              transform="translate(0,39)"
            >
              <line
                style={
                  {
                    "stroke": "#777777",
                    "strokeWidth": 1,
                  }
                }
                x1={0}
                x2={5}
                y1={0}
                y2={0}
              />
              <text
                dominantBaseline="central"
                style={
                  {
                    "fill": "#333333",
                    "fontFamily": "sans-serif",
                    "fontSize": 11,
                  }
                }
                textAnchor="start"
                transform="translate(10,0) rotate(0)"
              >
                 components.QuestionnaireResults.TableILS.Active
              </text>
            </g>
            <line
              style={
                {
                  "stroke": "transparent",
                  "strokeWidth": 1,
                }
              }
              x1={0}
              x2={0}
              y1={0}
              y2={250}
            />
          </g>
          <g
            transform="translate(0,250)"
          >
            <g
              style={
                {
                  "opacity": 1,
                }
              }
              transform="translate(0,0)"
            >
              <line
                style={
                  {
                    "stroke": "#777777",
                    "strokeWidth": 1,
                  }
                }
                x1={0}
                x2={0}
                y1={0}
                y2={5}
              />
              <text
                dominantBaseline="text-before-edge"
                style={
                  {
                    "fill": "#333333",
                    "fontFamily": "sans-serif",
                    "fontSize": 11,
                  }
                }
                textAnchor="middle"
                transform="translate(0,10) rotate(0)"
              >
                -11
              </text>
            </g>
            <g
              style={
                {
                  "opacity": 1,
                }
              }
              transform="translate(52,0)"
            >
              <line
                style={
                  {
                    "stroke": "#777777",
                    "strokeWidth": 1,
                  }
                }
                x1={0}
                x2={0}
                y1={0}
                y2={5}
              />
              <text
                dominantBaseline="text-before-edge"
                style={
                  {
                    "fill": "#333333",
                    "fontFamily": "sans-serif",
                    "fontSize": 11,
                  }
                }
                textAnchor="middle"
                transform="translate(0,10) rotate(0)"
              >
                -9
              </text>
            </g>
            <g
              style={
                {
                  "opacity": 1,
                }
              }
              transform="translate(104,0)"
            >
              <line
                style={
                  {
                    "stroke": "#777777",
                    "strokeWidth": 1,
                  }
                }
                x1={0}
                x2={0}
                y1={0}
                y2={5}
              />
              <text
                dominantBaseline="text-before-edge"
                style={
                  {
                    "fill": "#333333",
                    "fontFamily": "sans-serif",
                    "fontSize": 11,
                  }
                }
                textAnchor="middle"
                transform="translate(0,10) rotate(0)"
              >
                -7
              </text>
            </g>
            <g
              style={
                {
                  "opacity": 1,
                }
              }
              transform="translate(155,0)"
            >
              <line
                style={
                  {
                    "stroke": "#777777",
                    "strokeWidth": 1,
                  }
                }
                x1={0}
                x2={0}
                y1={0}
                y2={5}
              />
              <text
                dominantBaseline="text-before-edge"
                style={
                  {
                    "fill": "#333333",
                    "fontFamily": "sans-serif",
                    "fontSize": 11,
                  }
                }
                textAnchor="middle"
                transform="translate(0,10) rotate(0)"
              >
                -5
              </text>
            </g>
            <g
              style={
                {
                  "opacity": 1,
                }
              }
              transform="translate(207,0)"
            >
              <line
                style={
                  {
                    "stroke": "#777777",
                    "strokeWidth": 1,
                  }
                }
                x1={0}
                x2={0}
                y1={0}
                y2={5}
              />
              <text
                dominantBaseline="text-before-edge"
                style={
                  {
                    "fill": "#333333",
                    "fontFamily": "sans-serif",
                    "fontSize": 11,
                  }
                }
                textAnchor="middle"
                transform="translate(0,10) rotate(0)"
              >
                -3
              </text>
            </g>
            <g
              style={
                {
                  "opacity": 1,
                }
              }
              transform="translate(259,0)"
            >
              <line
                style={
                  {
                    "stroke": "#777777",
                    "strokeWidth": 1,
                  }
                }
                x1={0}
                x2={0}
                y1={0}
                y2={5}
              />
              <text
                dominantBaseline="text-before-edge"
                style={
                  {
                    "fill": "#333333",
                    "fontFamily": "sans-serif",
                    "fontSize": 11,
                  }
                }
                textAnchor="middle"
                transform="translate(0,10) rotate(0)"
              >
                -1
              </text>
            </g>
            <g
              style={
                {
                  "opacity": 1,
                }
              }
              transform="translate(311,0)"
            >
              <line
                style={
                  {
                    "stroke": "#777777",
                    "strokeWidth": 1,
                  }
                }
                x1={0}
                x2={0}
                y1={0}
                y2={5}
              />
              <text
                dominantBaseline="text-before-edge"
                style={
                  {
                    "fill": "#333333",
                    "fontFamily": "sans-serif",
                    "fontSize": 11,
                  }
                }
                textAnchor="middle"
                transform="translate(0,10) rotate(0)"
              >
                1
              </text>
            </g>
            <g
              style={
                {
                  "opacity": 1,
                }
              }
              transform="translate(363,0)"
            >
              <line
                style={
                  {
                    "stroke": "#777777",
                    "strokeWidth": 1,
                  }
                }
                x1={0}
                x2={0}
                y1={0}
                y2={5}
              />
              <text
                dominantBaseline="text-before-edge"
                style={
                  {
                    "fill": "#333333",
                    "fontFamily": "sans-serif",
                    "fontSize": 11,
                  }
                }
                textAnchor="middle"
                transform="translate(0,10) rotate(0)"
              >
                3
              </text>
            </g>
            <g
              style={
                {
                  "opacity": 1,
                }
              }
              transform="translate(415,0)"
            >
              <line
                style={
                  {
                    "stroke": "#777777",
                    "strokeWidth": 1,
                  }
                }
                x1={0}
                x2={0}
                y1={0}
                y2={5}
              />
              <text
                dominantBaseline="text-before-edge"
                style={
                  {
                    "fill": "#333333",
                    "fontFamily": "sans-serif",
                    "fontSize": 11,
                  }
                }
                textAnchor="middle"
                transform="translate(0,10) rotate(0)"
              >
                5
              </text>
            </g>
            <g
              style={
                {
                  "opacity": 1,
                }
              }
              transform="translate(466,0)"
            >
              <line
                style={
                  {
                    "stroke": "#777777",
                    "strokeWidth": 1,
                  }
                }
                x1={0}
                x2={0}
                y1={0}
                y2={5}
              />
              <text
                dominantBaseline="text-before-edge"
                style={
                  {
                    "fill": "#333333",
                    "fontFamily": "sans-serif",
                    "fontSize": 11,
                  }
                }
                textAnchor="middle"
                transform="translate(0,10) rotate(0)"
              >
                7
              </text>
            </g>
            <g
              style={
                {
                  "opacity": 1,
                }
              }
              transform="translate(518,0)"
            >
              <line
                style={
                  {
                    "stroke": "#777777",
                    "strokeWidth": 1,
                  }
                }
                x1={0}
                x2={0}
                y1={0}
                y2={5}
              />
              <text
                dominantBaseline="text-before-edge"
                style={
                  {
                    "fill": "#333333",
                    "fontFamily": "sans-serif",
                    "fontSize": 11,
                  }
                }
                textAnchor="middle"
                transform="translate(0,10) rotate(0)"
              >
                9
              </text>
            </g>
            <g
              style={
                {
                  "opacity": 1,
                }
              }
              transform="translate(570,0)"
            >
              <line
                style={
                  {
                    "stroke": "#777777",
                    "strokeWidth": 1,
                  }
                }
                x1={0}
                x2={0}
                y1={0}
                y2={5}
              />
              <text
                dominantBaseline="text-before-edge"
                style={
                  {
                    "fill": "#333333",
                    "fontFamily": "sans-serif",
                    "fontSize": 11,
                  }
                }
                textAnchor="middle"
                transform="translate(0,10) rotate(0)"
              >
                11
              </text>
            </g>
            <line
              style={
                {
                  "stroke": "transparent",
                  "strokeWidth": 1,
                }
              }
              x1={0}
              x2={570}
              y1={0}
              y2={0}
            />
            <text
              style={
                {
                  "dominantBaseline": "central",
                  "fill": "#333333",
                  "fontFamily": "sans-serif",
                  "fontSize": 12,
                }
              }
              textAnchor="middle"
              transform="translate(285, 32) rotate(0)"
            >
              components.QuestionnaireResults.TableILS.Score
            </text>
          </g>
          <g
            transform="translate(0,0)"
          >
            <g
              style={
                {
                  "opacity": 1,
                }
              }
              transform="translate(0,213)"
            >
              <line
                style={
                  {
                    "stroke": "#777777",
                    "strokeWidth": 1,
                  }
                }
                x1={0}
                x2={-5}
                y1={0}
                y2={0}
              />
              <text
                dominantBaseline="central"
                style={
                  {
                    "fill": "#333333",
                    "fontFamily": "sans-serif",
                    "fontSize": 11,
                  }
                }
                textAnchor="end"
                transform="translate(-10,0) rotate(0)"
              >
                components.QuestionnaireResults.TableILS.Global
              </text>
            </g>
            <g
              style={
                {
                  "opacity": 1,
                }
              }
              transform="translate(0,155)"
            >
              <line
                style={
                  {
                    "stroke": "#777777",
                    "strokeWidth": 1,
                  }
                }
                x1={0}
                x2={-5}
                y1={0}
                y2={0}
              />
              <text
                dominantBaseline="central"
                style={
                  {
                    "fill": "#333333",
                    "fontFamily": "sans-serif",
                    "fontSize": 11,
                  }
                }
                textAnchor="end"
                transform="translate(-10,0) rotate(0)"
              >
                components.QuestionnaireResults.TableILS.Verbal
              </text>
            </g>
            <g
              style={
                {
                  "opacity": 1,
                }
              }
              transform="translate(0,97)"
            >
              <line
                style={
                  {
                    "stroke": "#777777",
                    "strokeWidth": 1,
                  }
                }
                x1={0}
                x2={-5}
                y1={0}
                y2={0}
              />
              <text
                dominantBaseline="central"
                style={
                  {
                    "fill": "#333333",
                    "fontFamily": "sans-serif",
                    "fontSize": 11,
                  }
                }
                textAnchor="end"
                transform="translate(-10,0) rotate(0)"
              >
                components.QuestionnaireResults.TableILS.Intuitive
              </text>
            </g>
            <g
              style={
                {
                  "opacity": 1,
                }
              }
              transform="translate(0,39)"
            >
              <line
                style={
                  {
                    "stroke": "#777777",
                    "strokeWidth": 1,
                  }
                }
                x1={0}
                x2={-5}
                y1={0}
                y2={0}
              />
              <text
                dominantBaseline="central"
                style={
                  {
                    "fill": "#333333",
                    "fontFamily": "sans-serif",
                    "fontSize": 11,
                  }
                }
                textAnchor="end"
                transform="translate(-10,0) rotate(0)"
              >
                components.QuestionnaireResults.TableILS.Reflective
              </text>
            </g>
            <line
              style={
                {
                  "stroke": "transparent",
                  "strokeWidth": 1,
                }
              }
              x1={0}
              x2={0}
              y1={0}
              y2={250}
            />
          </g>
          <g
            transform="translate(155, 192)"
          >
            <rect
              fill="rgba(165, 0, 38, 1)"
              focusable={false}
              height={41}
              onClick={[Function]}
              onMouseEnter={[Function]}
              onMouseLeave={[Function]}
              onMouseMove={[Function]}
              rx={10}
              ry={10}
              stroke="rgba(81, 0, 19, 1)"
              strokeWidth={0}
              width={0}
            />
            <text
              dominantBaseline="central"
              fillOpacity={0}
              style={
                {
                  "fill": "rgba(255, 255, 255, 1)",
                  "fontFamily": "sans-serif",
                  "fontSize": 11,
                  "pointerEvents": "none",
                }
              }
              textAnchor="middle"
              x={65}
              y={20.5}
            >
              -5
            </text>
          </g>
          <g
            transform="translate(285, 134)"
          >
            <rect
              fill="rgba(215, 48, 39, 1)"
              focusable={false}
              height={41}
              onClick={[Function]}
              onMouseEnter={[Function]}
              onMouseLeave={[Function]}
              onMouseMove={[Function]}
              rx={10}
              ry={10}
              stroke="rgba(105, 24, 19, 1)"
              strokeWidth={0}
              width={0}
            />
            <text
              dominantBaseline="central"
              fillOpacity={0}
              style={
                {
                  "fill": "rgba(255, 255, 255, 1)",
                  "fontFamily": "sans-serif",
                  "fontSize": 11,
                  "pointerEvents": "none",
                }
              }
              textAnchor="middle"
              x={39}
              y={20.5}
            >
              3
            </text>
          </g>
          <g
            transform="translate(285, 76)"
          >
            <rect
              fill="rgba(244, 109, 67, 1)"
              focusable={false}
              height={41}
              onClick={[Function]}
              onMouseEnter={[Function]}
              onMouseLeave={[Function]}
              onMouseMove={[Function]}
              rx={10}
              ry={10}
              stroke="rgba(120, 53, 33, 1)"
              strokeWidth={0}
              width={0}
            />
            <text
              dominantBaseline="central"
              fillOpacity={0}
              style={
                {
                  "fill": "rgba(255, 255, 255, 1)",
                  "fontFamily": "sans-serif",
                  "fontSize": 11,
                  "pointerEvents": "none",
                }
              }
              textAnchor="middle"
              x={90.5}
              y={20.5}
            >
              7
            </text>
          </g>
          <g
            transform="translate(0, 18)"
          >
            <rect
              fill="rgba(253, 174, 97, 1)"
              focusable={false}
              height={41}
              onClick={[Function]}
              onMouseEnter={[Function]}
              onMouseLeave={[Function]}
              onMouseMove={[Function]}
              rx={10}
              ry={10}
              stroke="rgba(124, 85, 48, 1)"
              strokeWidth={0}
              width={0}
            />
            <text
              dominantBaseline="central"
              fillOpacity={0}
              style={
                {
                  "fill": "rgba(255, 255, 255, 1)",
                  "fontFamily": "sans-serif",
                  "fontSize": 11,
                  "pointerEvents": "none",
                }
              }
              textAnchor="middle"
              x={142.5}
              y={20.5}
            >
              -11
            </text>
          </g>
        </g>
      </svg>
    </div>
  </div>
  <div
    className="MuiPaper-root MuiPaper-elevation MuiPaper-rounded MuiPaper-elevation1 MuiTableContainer-root css-11xur9t-MuiPaper-root-MuiTableContainer-root"
    style={
      {
        "minWidth": 300,
      }
    }
  >
    <table
      aria-label="customized table"
      className="MuiTable-root css-rqglhn-MuiTable-root"
      role={null}
      style={
        {
          "minWidth": 300,
        }
      }
    >
      <thead
        className="MuiTableHead-root css-15wwp11-MuiTableHead-root"
        role={null}
      >
        <tr
          className="MuiTableRow-root MuiTableRow-head css-1q1u3t4-MuiTableRow-root"
          role={null}
        >
          <th
            aria-sort={null}
            className="MuiTableCell-root MuiTableCell-head MuiTableCell-alignLeft MuiTableCell-sizeMedium css-j3il49-MuiTableCell-root"
            scope="col"
          >
            components.QuestionnaireResults.TableILS.Dimension
          </th>
          <th
            aria-sort={null}
            className="MuiTableCell-root MuiTableCell-head MuiTableCell-sizeMedium css-j3il49-MuiTableCell-root"
            scope="col"
          />
          <th
            aria-sort={null}
            className="MuiTableCell-root MuiTableCell-head MuiTableCell-alignLeft MuiTableCell-sizeMedium css-j3il49-MuiTableCell-root"
            scope="col"
          >
            components.QuestionnaireResults.TableILS.Interpretation
          </th>
          <th
            aria-sort={null}
            className="MuiTableCell-root MuiTableCell-head MuiTableCell-alignLeft MuiTableCell-sizeMedium css-j3il49-MuiTableCell-root"
            scope="col"
          >
            components.QuestionnaireResults.TableILS.Score
          </th>
        </tr>
      </thead>
      <tbody
        className="MuiTableBody-root css-apqrd9-MuiTableBody-root"
        role={null}
      >
        <tr
          className="MuiTableRow-root css-fmtgwu-MuiTableRow-root"
          role={null}
        >
          <td
            aria-sort={null}
            className="MuiTableCell-root MuiTableCell-body MuiTableCell-alignLeft MuiTableCell-sizeMedium css-jn1bxv-MuiTableCell-root"
          >
            components.QuestionnaireResults.TableILS.Reflective
          </td>
          <td
            aria-sort={null}
            className="MuiTableCell-root MuiTableCell-body MuiTableCell-alignLeft MuiTableCell-sizeMedium css-jn1bxv-MuiTableCell-root"
          >
            components.QuestionnaireResults.TableILS.Active
          </td>
          <td
            aria-sort={null}
            className="MuiTableCell-root MuiTableCell-body MuiTableCell-alignLeft MuiTableCell-sizeMedium css-1edvckk-MuiTableCell-root"
          >
            components.QuestionnaireResults.TableILS.strong components.questionnaireresults.tableils.reflective
          </td>
          <td
            aria-sort={null}
            className="MuiTableCell-root MuiTableCell-body MuiTableCell-alignRight MuiTableCell-sizeMedium css-rqbqsm-MuiTableCell-root"
          >
            -11
          </td>
        </tr>
        <tr
          className="MuiTableRow-root css-fmtgwu-MuiTableRow-root"
          role={null}
        >
          <td
            aria-sort={null}
            className="MuiTableCell-root MuiTableCell-body MuiTableCell-alignLeft MuiTableCell-sizeMedium css-jn1bxv-MuiTableCell-root"
          >
            components.QuestionnaireResults.TableILS.Intuitive
          </td>
          <td
            aria-sort={null}
            className="MuiTableCell-root MuiTableCell-body MuiTableCell-alignLeft MuiTableCell-sizeMedium css-jn1bxv-MuiTableCell-root"
          >
            components.QuestionnaireResults.TableILS.Sensory
          </td>
          <td
            aria-sort={null}
            className="MuiTableCell-root MuiTableCell-body MuiTableCell-alignLeft MuiTableCell-sizeMedium css-1edvckk-MuiTableCell-root"
          >
            components.QuestionnaireResults.TableILS.moderate components.questionnaireresults.tableils.sensory
          </td>
          <td
            aria-sort={null}
            className="MuiTableCell-root MuiTableCell-body MuiTableCell-alignRight MuiTableCell-sizeMedium css-rqbqsm-MuiTableCell-root"
          >
            7
          </td>
        </tr>
        <tr
          className="MuiTableRow-root css-fmtgwu-MuiTableRow-root"
          role={null}
        >
          <td
            aria-sort={null}
            className="MuiTableCell-root MuiTableCell-body MuiTableCell-alignLeft MuiTableCell-sizeMedium css-jn1bxv-MuiTableCell-root"
          >
            components.QuestionnaireResults.TableILS.Verbal
          </td>
          <td
            aria-sort={null}
            className="MuiTableCell-root MuiTableCell-body MuiTableCell-alignLeft MuiTableCell-sizeMedium css-jn1bxv-MuiTableCell-root"
          >
            components.QuestionnaireResults.TableILS.Visual
          </td>
          <td
            aria-sort={null}
            className="MuiTableCell-root MuiTableCell-body MuiTableCell-alignLeft MuiTableCell-sizeMedium css-1edvckk-MuiTableCell-root"
          >
            components.QuestionnaireResults.TableILS.balanced
          </td>
          <td
            aria-sort={null}
            className="MuiTableCell-root MuiTableCell-body MuiTableCell-alignRight MuiTableCell-sizeMedium css-rqbqsm-MuiTableCell-root"
          >
            3
          </td>
        </tr>
        <tr
          className="MuiTableRow-root css-fmtgwu-MuiTableRow-root"
          role={null}
        >
          <td
            aria-sort={null}
            className="MuiTableCell-root MuiTableCell-body MuiTableCell-alignLeft MuiTableCell-sizeMedium css-jn1bxv-MuiTableCell-root"
          >
            components.QuestionnaireResults.TableILS.Global
          </td>
          <td
            aria-sort={null}
            className="MuiTableCell-root MuiTableCell-body MuiTableCell-alignLeft MuiTableCell-sizeMedium css-jn1bxv-MuiTableCell-root"
          >
            components.QuestionnaireResults.TableILS.Sequential
          </td>
          <td
            aria-sort={null}
            className="MuiTableCell-root MuiTableCell-body MuiTableCell-alignLeft MuiTableCell-sizeMedium css-1edvckk-MuiTableCell-root"
          >
            components.QuestionnaireResults.TableILS.moderate components.questionnaireresults.tableils.global
          </td>
          <td
            aria-sort={null}
            className="MuiTableCell-root MuiTableCell-body MuiTableCell-alignRight MuiTableCell-sizeMedium css-rqbqsm-MuiTableCell-root"
          >
            -5
          </td>
        </tr>
      </tbody>
    </table>
  </div>
  <div>
    <div
      style={
        {
          "position": "relative",
        }
      }
    >
      <svg
        aria-describedby="List K Graph"
        aria-label="List K Graph"
        height={500}
        role="img"
        width={650}
        xmlns="http://www.w3.org/2000/svg"
      >
        <rect
          fill="transparent"
          height={500}
          width={650}
        />
        <g
          transform="translate(0,0)"
        />
      </svg>
    </div>
  </div>
  <div
    className="MuiPaper-root MuiPaper-elevation MuiPaper-rounded MuiPaper-elevation1 MuiTableContainer-root css-11xur9t-MuiPaper-root-MuiTableContainer-root"
    style={
      {
        "minWidth": 300,
      }
    }
  >
    <table
      aria-label="customized table"
      className="MuiTable-root css-1kwtu5z-MuiTable-root"
      role={null}
    >
      <thead
        className="MuiTableHead-root css-15wwp11-MuiTableHead-root"
        role={null}
      >
        <tr
          className="MuiTableRow-root MuiTableRow-head css-1q1u3t4-MuiTableRow-root"
          role={null}
        >
          <th
            aria-sort={null}
            className="MuiTableCell-root MuiTableCell-head MuiTableCell-alignLeft MuiTableCell-sizeMedium css-j3il49-MuiTableCell-root"
            scope="col"
          >
            components.QuestionnaireResults.TableListK.Factors & subscales
          </th>
          <th
            aria-sort={null}
            className="MuiTableCell-root MuiTableCell-head MuiTableCell-alignLeft MuiTableCell-sizeMedium css-j3il49-MuiTableCell-root"
            scope="col"
          >
            components.QuestionnaireResults.TableListK.Score
          </th>
          <th
            aria-sort={null}
            className="MuiTableCell-root MuiTableCell-head MuiTableCell-alignLeft MuiTableCell-sizeMedium css-j3il49-MuiTableCell-root"
            scope="col"
          >
            components.QuestionnaireResults.TableListK.Factors & subscales
          </th>
          <th
            aria-sort={null}
            className="MuiTableCell-root MuiTableCell-head MuiTableCell-alignLeft MuiTableCell-sizeMedium css-j3il49-MuiTableCell-root"
            scope="col"
          >
            components.QuestionnaireResults.TableListK.Score
          </th>
        </tr>
      </thead>
      <tbody
        className="MuiTableBody-root css-apqrd9-MuiTableBody-root"
        role={null}
      >
        <tr
          className="MuiTableRow-root css-10i7qgx-MuiTableRow-root"
          role={null}
        >
          <td
            aria-sort={null}
            className="MuiTableCell-root MuiTableCell-body MuiTableCell-alignLeft MuiTableCell-sizeMedium css-jn1bxv-MuiTableCell-root"
            style={
              {
                "color": "white",
              }
            }
          >
            components.QuestionnaireResults.TableListK.Cognitive strategies
          </td>
          <td
            aria-sort={null}
            className="MuiTableCell-root MuiTableCell-body MuiTableCell-alignLeft MuiTableCell-sizeMedium css-jn1bxv-MuiTableCell-root"
            style={
              {
                "color": "white",
              }
            }
          >
            5.00
          </td>
          <td
            aria-sort={null}
            className="MuiTableCell-root MuiTableCell-body MuiTableCell-alignLeft MuiTableCell-sizeMedium css-jn1bxv-MuiTableCell-root"
            style={
              {
                "color": "white",
              }
            }
          >
            components.QuestionnaireResults.TableListK.Internal resource management strategies
          </td>
          <td
            aria-sort={null}
            className="MuiTableCell-root MuiTableCell-body MuiTableCell-alignLeft MuiTableCell-sizeMedium css-jn1bxv-MuiTableCell-root"
            style={
              {
                "color": "white",
              }
            }
          >
            1.00
          </td>
        </tr>
        <tr
          className="MuiTableRow-root css-10i7qgx-MuiTableRow-root"
          role={null}
        >
          <td
            aria-sort={null}
            className="MuiTableCell-root MuiTableCell-body MuiTableCell-alignLeft MuiTableCell-sizeMedium css-jn1bxv-MuiTableCell-root"
          >
            components.QuestionnaireResults.TableListK.Organize
          </td>
          <td
            aria-sort={null}
            className="MuiTableCell-root MuiTableCell-body MuiTableCell-alignLeft MuiTableCell-sizeMedium css-1edvckk-MuiTableCell-root"
          >
            5.00
          </td>
          <td
            aria-sort={null}
            className="MuiTableCell-root MuiTableCell-body MuiTableCell-alignLeft MuiTableCell-sizeMedium css-1edvckk-MuiTableCell-root"
          >
            components.QuestionnaireResults.TableListK.Attention
          </td>
          <td
            aria-sort={null}
            className="MuiTableCell-root MuiTableCell-body MuiTableCell-alignLeft MuiTableCell-sizeMedium css-1edvckk-MuiTableCell-root"
          >
            1.00
          </td>
        </tr>
        <tr
          className="MuiTableRow-root css-10i7qgx-MuiTableRow-root"
          role={null}
        >
          <td
            aria-sort={null}
            className="MuiTableCell-root MuiTableCell-body MuiTableCell-alignLeft MuiTableCell-sizeMedium css-jn1bxv-MuiTableCell-root"
          >
            components.QuestionnaireResults.TableListK.Elaborate
          </td>
          <td
            aria-sort={null}
            className="MuiTableCell-root MuiTableCell-body MuiTableCell-alignLeft MuiTableCell-sizeMedium css-1edvckk-MuiTableCell-root"
          >
            5.00
          </td>
          <td
            aria-sort={null}
            className="MuiTableCell-root MuiTableCell-body MuiTableCell-alignLeft MuiTableCell-sizeMedium css-1edvckk-MuiTableCell-root"
          >
            components.QuestionnaireResults.TableListK.Effort
          </td>
          <td
            aria-sort={null}
            className="MuiTableCell-root MuiTableCell-body MuiTableCell-alignLeft MuiTableCell-sizeMedium css-1edvckk-MuiTableCell-root"
          >
            1.00
          </td>
        </tr>
        <tr
          className="MuiTableRow-root css-10i7qgx-MuiTableRow-root"
          role={null}
        >
          <td
            aria-sort={null}
            className="MuiTableCell-root MuiTableCell-body MuiTableCell-alignLeft MuiTableCell-sizeMedium css-jn1bxv-MuiTableCell-root"
          >
            components.QuestionnaireResults.TableListK.Critical review
          </td>
          <td
            aria-sort={null}
            className="MuiTableCell-root MuiTableCell-body MuiTableCell-alignLeft MuiTableCell-sizeMedium css-1edvckk-MuiTableCell-root"
          >
            5.00
          </td>
          <td
            aria-sort={null}
            className="MuiTableCell-root MuiTableCell-body MuiTableCell-alignLeft MuiTableCell-sizeMedium css-1edvckk-MuiTableCell-root"
          >
            components.QuestionnaireResults.TableListK.Time
          </td>
          <td
            aria-sort={null}
            className="MuiTableCell-root MuiTableCell-body MuiTableCell-alignLeft MuiTableCell-sizeMedium css-1edvckk-MuiTableCell-root"
          >
            1.00
          </td>
        </tr>
        <tr
          className="MuiTableRow-root css-10i7qgx-MuiTableRow-root"
          role={null}
        >
          <td
            aria-sort={null}
            className="MuiTableCell-root MuiTableCell-body MuiTableCell-alignLeft MuiTableCell-sizeMedium css-jn1bxv-MuiTableCell-root"
          >
            components.QuestionnaireResults.TableListK.Repeat
          </td>
          <td
            aria-sort={null}
            className="MuiTableCell-root MuiTableCell-body MuiTableCell-alignLeft MuiTableCell-sizeMedium css-1edvckk-MuiTableCell-root"
          >
            5.00
          </td>
          <td
            aria-sort={null}
            className="MuiTableCell-root MuiTableCell-body MuiTableCell-alignLeft MuiTableCell-sizeMedium css-1edvckk-MuiTableCell-root"
          />
          <td
            aria-sort={null}
            className="MuiTableCell-root MuiTableCell-body MuiTableCell-alignLeft MuiTableCell-sizeMedium css-1edvckk-MuiTableCell-root"
          />
        </tr>
        <tr
          className="MuiTableRow-root css-10i7qgx-MuiTableRow-root"
          role={null}
        >
          <td
            aria-sort={null}
            className="MuiTableCell-root MuiTableCell-body MuiTableCell-alignLeft MuiTableCell-sizeMedium css-jn1bxv-MuiTableCell-root"
            style={
              {
                "color": "white",
              }
            }
          >
            components.QuestionnaireResults.TableListK.Metacognitive strategies
          </td>
          <td
            aria-sort={null}
            className="MuiTableCell-root MuiTableCell-body MuiTableCell-alignLeft MuiTableCell-sizeMedium css-jn1bxv-MuiTableCell-root"
            style={
              {
                "color": "white",
              }
            }
          >
            1.00
          </td>
          <td
            aria-sort={null}
            className="MuiTableCell-root MuiTableCell-body MuiTableCell-alignLeft MuiTableCell-sizeMedium css-jn1bxv-MuiTableCell-root"
            style={
              {
                "color": "white",
              }
            }
          >
            components.QuestionnaireResults.TableListK.External resource management strategies
          </td>
          <td
            aria-sort={null}
            className="MuiTableCell-root MuiTableCell-body MuiTableCell-alignLeft MuiTableCell-sizeMedium css-jn1bxv-MuiTableCell-root"
            style={
              {
                "color": "white",
              }
            }
          >
            1.00
          </td>
        </tr>
        <tr
          className="MuiTableRow-root css-10i7qgx-MuiTableRow-root"
          role={null}
        >
          <td
            aria-sort={null}
            className="MuiTableCell-root MuiTableCell-body MuiTableCell-alignLeft MuiTableCell-sizeMedium css-jn1bxv-MuiTableCell-root"
          >
            components.QuestionnaireResults.TableListK.Goals & plans
          </td>
          <td
            aria-sort={null}
            className="MuiTableCell-root MuiTableCell-body MuiTableCell-alignLeft MuiTableCell-sizeMedium css-1edvckk-MuiTableCell-root"
          >
            1.00
          </td>
          <td
            aria-sort={null}
            className="MuiTableCell-root MuiTableCell-body MuiTableCell-alignLeft MuiTableCell-sizeMedium css-1edvckk-MuiTableCell-root"
          >
            components.QuestionnaireResults.TableListK.Learning with classmates
          </td>
          <td
            aria-sort={null}
            className="MuiTableCell-root MuiTableCell-body MuiTableCell-alignLeft MuiTableCell-sizeMedium css-1edvckk-MuiTableCell-root"
          >
            1.00
          </td>
        </tr>
        <tr
          className="MuiTableRow-root css-10i7qgx-MuiTableRow-root"
          role={null}
        >
          <td
            aria-sort={null}
            className="MuiTableCell-root MuiTableCell-body MuiTableCell-alignLeft MuiTableCell-sizeMedium css-jn1bxv-MuiTableCell-root"
          >
            components.QuestionnaireResults.TableListK.Control
          </td>
          <td
            aria-sort={null}
            className="MuiTableCell-root MuiTableCell-body MuiTableCell-alignLeft MuiTableCell-sizeMedium css-1edvckk-MuiTableCell-root"
          >
            1.00
          </td>
          <td
            aria-sort={null}
            className="MuiTableCell-root MuiTableCell-body MuiTableCell-alignLeft MuiTableCell-sizeMedium css-1edvckk-MuiTableCell-root"
          >
            components.QuestionnaireResults.TableListK.Literature research
          </td>
          <td
            aria-sort={null}
            className="MuiTableCell-root MuiTableCell-body MuiTableCell-alignLeft MuiTableCell-sizeMedium css-1edvckk-MuiTableCell-root"
          >
            1.00
          </td>
        </tr>
        <tr
          className="MuiTableRow-root css-10i7qgx-MuiTableRow-root"
          role={null}
        >
          <td
            aria-sort={null}
            className="MuiTableCell-root MuiTableCell-body MuiTableCell-alignLeft MuiTableCell-sizeMedium css-jn1bxv-MuiTableCell-root"
          >
            components.QuestionnaireResults.TableListK.Regulate
          </td>
          <td
            aria-sort={null}
            className="MuiTableCell-root MuiTableCell-body MuiTableCell-alignLeft MuiTableCell-sizeMedium css-1edvckk-MuiTableCell-root"
          >
            1.00
          </td>
          <td
            aria-sort={null}
            className="MuiTableCell-root MuiTableCell-body MuiTableCell-alignLeft MuiTableCell-sizeMedium css-1edvckk-MuiTableCell-root"
          >
            components.QuestionnaireResults.TableListK.Learning environment
          </td>
          <td
            aria-sort={null}
            className="MuiTableCell-root MuiTableCell-body MuiTableCell-alignLeft MuiTableCell-sizeMedium css-1edvckk-MuiTableCell-root"
          >
            1.00
          </td>
        </tr>
      </tbody>
    </table>
  </div>
</div>
`;
