// Jest Snapshot v1, https://goo.gl/fbAQLP

exports[`Test GraphILS with all Methods GraphILS renders without crashing 1`] = `
{
  "asFragment": [Function],
  "baseElement": <body>
    <div>
      <div>
        <div
          style="position: relative;"
        >
          <svg
            focusable="false"
            height="300"
            role="img"
            width="750"
            xmlns="http://www.w3.org/2000/svg"
          >
            <defs
              aria-hidden="true"
            >
              <pattern
                height="10"
                id="dots"
                patternUnits="userSpaceOnUse"
                width="10"
              >
                <rect
                  fill="inherit"
                  height="10"
                  width="10"
                />
                <circle
                  cx="2.5"
                  cy="2.5"
                  fill="#b62867"
                  r="2"
                />
                <circle
                  cx="7.5"
                  cy="7.5"
                  fill="#b62867"
                  r="2"
                />
              </pattern>
              <pattern
                height="14.14213562373095"
                id="lines"
                patternUnits="userSpaceOnUse"
                width="14.142135623730951"
              >
                <rect
                  fill="inherit"
                  height="14.14213562373095"
                  stroke="rgba(255, 0, 0, 0.1)"
                  stroke-width="0"
                  width="14.142135623730951"
                />
                <path
                  d="
                    M -14.142135623730951 14.14213562373095 L 14.142135623730951 -14.14213562373095
                    M -14.142135623730951 28.2842712474619 L 28.284271247461902 -14.14213562373095
                    M 0 28.2842712474619 L 28.284271247461902 0
                "
                  stroke="#eed312"
                  stroke-linecap="square"
                  stroke-width="6"
                />
              </pattern>
            </defs>
            <rect
              fill="transparent"
              height="300"
              width="750"
            />
            <g
              transform="translate(80,0)"
            >
              <g>
                <line
                  opacity="1"
                  stroke="#dddddd"
                  stroke-width="1"
                  x1="0"
                  x2="570"
                  y1="213"
                  y2="213"
                />
                <line
                  opacity="1"
                  stroke="#dddddd"
                  stroke-width="1"
                  x1="0"
                  x2="570"
                  y1="155"
                  y2="155"
                />
                <line
                  opacity="1"
                  stroke="#dddddd"
                  stroke-width="1"
                  x1="0"
                  x2="570"
                  y1="97"
                  y2="97"
                />
                <line
                  opacity="1"
                  stroke="#dddddd"
                  stroke-width="1"
                  x1="0"
                  x2="570"
                  y1="39"
                  y2="39"
                />
              </g>
              <g
                transform="translate(570,0)"
              >
                <g
                  style="opacity: 1;"
                  transform="translate(0,213)"
                >
                  <line
                    style="stroke: #777777; stroke-width: 1;"
                    x1="0"
                    x2="5"
                    y1="0"
                    y2="0"
                  />
                  <text
                    dominant-baseline="central"
                    style="font-family: sans-serif; font-size: 11px; fill: #333333;"
                    text-anchor="start"
                    transform="translate(10,0) rotate(0)"
                  >
                     components.QuestionnaireResults.TableILS.Sequential
                  </text>
                </g>
                <g
                  style="opacity: 1;"
                  transform="translate(0,155)"
                >
                  <line
                    style="stroke: #777777; stroke-width: 1;"
                    x1="0"
                    x2="5"
                    y1="0"
                    y2="0"
                  />
                  <text
                    dominant-baseline="central"
                    style="font-family: sans-serif; font-size: 11px; fill: #333333;"
                    text-anchor="start"
                    transform="translate(10,0) rotate(0)"
                  >
                     components.QuestionnaireResults.TableILS.Visual
                  </text>
                </g>
                <g
                  style="opacity: 1;"
                  transform="translate(0,97)"
                >
                  <line
                    style="stroke: #777777; stroke-width: 1;"
                    x1="0"
                    x2="5"
                    y1="0"
                    y2="0"
                  />
                  <text
                    dominant-baseline="central"
                    style="font-family: sans-serif; font-size: 11px; fill: #333333;"
                    text-anchor="start"
                    transform="translate(10,0) rotate(0)"
                  >
                     components.QuestionnaireResults.TableILS.Sensory
                  </text>
                </g>
                <g
                  style="opacity: 1;"
                  transform="translate(0,39)"
                >
                  <line
                    style="stroke: #777777; stroke-width: 1;"
                    x1="0"
                    x2="5"
                    y1="0"
                    y2="0"
                  />
                  <text
                    dominant-baseline="central"
                    style="font-family: sans-serif; font-size: 11px; fill: #333333;"
                    text-anchor="start"
                    transform="translate(10,0) rotate(0)"
                  >
                     components.QuestionnaireResults.TableILS.Active
                  </text>
                </g>
                <line
                  style="stroke: transparent; stroke-width: 1;"
                  x1="0"
                  x2="0"
                  y1="0"
                  y2="250"
                />
              </g>
              <g
                transform="translate(0,250)"
              >
                <g
                  style="opacity: 1;"
                  transform="translate(0,0)"
                >
                  <line
                    style="stroke: #777777; stroke-width: 1;"
                    x1="0"
                    x2="0"
                    y1="0"
                    y2="5"
                  />
                  <text
                    dominant-baseline="text-before-edge"
                    style="font-family: sans-serif; font-size: 11px; fill: #333333;"
                    text-anchor="middle"
                    transform="translate(0,10) rotate(0)"
                  >
                    -11
                  </text>
                </g>
                <g
                  style="opacity: 1;"
                  transform="translate(52,0)"
                >
                  <line
                    style="stroke: #777777; stroke-width: 1;"
                    x1="0"
                    x2="0"
                    y1="0"
                    y2="5"
                  />
                  <text
                    dominant-baseline="text-before-edge"
                    style="font-family: sans-serif; font-size: 11px; fill: #333333;"
                    text-anchor="middle"
                    transform="translate(0,10) rotate(0)"
                  >
                    -9
                  </text>
                </g>
                <g
                  style="opacity: 1;"
                  transform="translate(104,0)"
                >
                  <line
                    style="stroke: #777777; stroke-width: 1;"
                    x1="0"
                    x2="0"
                    y1="0"
                    y2="5"
                  />
                  <text
                    dominant-baseline="text-before-edge"
                    style="font-family: sans-serif; font-size: 11px; fill: #333333;"
                    text-anchor="middle"
                    transform="translate(0,10) rotate(0)"
                  >
                    -7
                  </text>
                </g>
                <g
                  style="opacity: 1;"
                  transform="translate(155,0)"
                >
                  <line
                    style="stroke: #777777; stroke-width: 1;"
                    x1="0"
                    x2="0"
                    y1="0"
                    y2="5"
                  />
                  <text
                    dominant-baseline="text-before-edge"
                    style="font-family: sans-serif; font-size: 11px; fill: #333333;"
                    text-anchor="middle"
                    transform="translate(0,10) rotate(0)"
                  >
                    -5
                  </text>
                </g>
                <g
                  style="opacity: 1;"
                  transform="translate(207,0)"
                >
                  <line
                    style="stroke: #777777; stroke-width: 1;"
                    x1="0"
                    x2="0"
                    y1="0"
                    y2="5"
                  />
                  <text
                    dominant-baseline="text-before-edge"
                    style="font-family: sans-serif; font-size: 11px; fill: #333333;"
                    text-anchor="middle"
                    transform="translate(0,10) rotate(0)"
                  >
                    -3
                  </text>
                </g>
                <g
                  style="opacity: 1;"
                  transform="translate(259,0)"
                >
                  <line
                    style="stroke: #777777; stroke-width: 1;"
                    x1="0"
                    x2="0"
                    y1="0"
                    y2="5"
                  />
                  <text
                    dominant-baseline="text-before-edge"
                    style="font-family: sans-serif; font-size: 11px; fill: #333333;"
                    text-anchor="middle"
                    transform="translate(0,10) rotate(0)"
                  >
                    -1
                  </text>
                </g>
                <g
                  style="opacity: 1;"
                  transform="translate(311,0)"
                >
                  <line
                    style="stroke: #777777; stroke-width: 1;"
                    x1="0"
                    x2="0"
                    y1="0"
                    y2="5"
                  />
                  <text
                    dominant-baseline="text-before-edge"
                    style="font-family: sans-serif; font-size: 11px; fill: #333333;"
                    text-anchor="middle"
                    transform="translate(0,10) rotate(0)"
                  >
                    1
                  </text>
                </g>
                <g
                  style="opacity: 1;"
                  transform="translate(363,0)"
                >
                  <line
                    style="stroke: #777777; stroke-width: 1;"
                    x1="0"
                    x2="0"
                    y1="0"
                    y2="5"
                  />
                  <text
                    dominant-baseline="text-before-edge"
                    style="font-family: sans-serif; font-size: 11px; fill: #333333;"
                    text-anchor="middle"
                    transform="translate(0,10) rotate(0)"
                  >
                    3
                  </text>
                </g>
                <g
                  style="opacity: 1;"
                  transform="translate(415,0)"
                >
                  <line
                    style="stroke: #777777; stroke-width: 1;"
                    x1="0"
                    x2="0"
                    y1="0"
                    y2="5"
                  />
                  <text
                    dominant-baseline="text-before-edge"
                    style="font-family: sans-serif; font-size: 11px; fill: #333333;"
                    text-anchor="middle"
                    transform="translate(0,10) rotate(0)"
                  >
                    5
                  </text>
                </g>
                <g
                  style="opacity: 1;"
                  transform="translate(466,0)"
                >
                  <line
                    style="stroke: #777777; stroke-width: 1;"
                    x1="0"
                    x2="0"
                    y1="0"
                    y2="5"
                  />
                  <text
                    dominant-baseline="text-before-edge"
                    style="font-family: sans-serif; font-size: 11px; fill: #333333;"
                    text-anchor="middle"
                    transform="translate(0,10) rotate(0)"
                  >
                    7
                  </text>
                </g>
                <g
                  style="opacity: 1;"
                  transform="translate(518,0)"
                >
                  <line
                    style="stroke: #777777; stroke-width: 1;"
                    x1="0"
                    x2="0"
                    y1="0"
                    y2="5"
                  />
                  <text
                    dominant-baseline="text-before-edge"
                    style="font-family: sans-serif; font-size: 11px; fill: #333333;"
                    text-anchor="middle"
                    transform="translate(0,10) rotate(0)"
                  >
                    9
                  </text>
                </g>
                <g
                  style="opacity: 1;"
                  transform="translate(570,0)"
                >
                  <line
                    style="stroke: #777777; stroke-width: 1;"
                    x1="0"
                    x2="0"
                    y1="0"
                    y2="5"
                  />
                  <text
                    dominant-baseline="text-before-edge"
                    style="font-family: sans-serif; font-size: 11px; fill: #333333;"
                    text-anchor="middle"
                    transform="translate(0,10) rotate(0)"
                  >
                    11
                  </text>
                </g>
                <line
                  style="stroke: transparent; stroke-width: 1;"
                  x1="0"
                  x2="570"
                  y1="0"
                  y2="0"
                />
                <text
                  style="dominant-baseline: central; font-size: 12px; font-family: sans-serif; fill: #333333;"
                  text-anchor="middle"
                  transform="translate(285, 32) rotate(0)"
                >
                  components.QuestionnaireResults.TableILS.Score
                </text>
              </g>
              <g
                transform="translate(0,0)"
              >
                <g
                  style="opacity: 1;"
                  transform="translate(0,213)"
                >
                  <line
                    style="stroke: #777777; stroke-width: 1;"
                    x1="0"
                    x2="-5"
                    y1="0"
                    y2="0"
                  />
                  <text
                    dominant-baseline="central"
                    style="font-family: sans-serif; font-size: 11px; fill: #333333;"
                    text-anchor="end"
                    transform="translate(-10,0) rotate(0)"
                  >
                    components.QuestionnaireResults.TableILS.Global
                  </text>
                </g>
                <g
                  style="opacity: 1;"
                  transform="translate(0,155)"
                >
                  <line
                    style="stroke: #777777; stroke-width: 1;"
                    x1="0"
                    x2="-5"
                    y1="0"
                    y2="0"
                  />
                  <text
                    dominant-baseline="central"
                    style="font-family: sans-serif; font-size: 11px; fill: #333333;"
                    text-anchor="end"
                    transform="translate(-10,0) rotate(0)"
                  >
                    components.QuestionnaireResults.TableILS.Verbal
                  </text>
                </g>
                <g
                  style="opacity: 1;"
                  transform="translate(0,97)"
                >
                  <line
                    style="stroke: #777777; stroke-width: 1;"
                    x1="0"
                    x2="-5"
                    y1="0"
                    y2="0"
                  />
                  <text
                    dominant-baseline="central"
                    style="font-family: sans-serif; font-size: 11px; fill: #333333;"
                    text-anchor="end"
                    transform="translate(-10,0) rotate(0)"
                  >
                    components.QuestionnaireResults.TableILS.Intuitive
                  </text>
                </g>
                <g
                  style="opacity: 1;"
                  transform="translate(0,39)"
                >
                  <line
                    style="stroke: #777777; stroke-width: 1;"
                    x1="0"
                    x2="-5"
                    y1="0"
                    y2="0"
                  />
                  <text
                    dominant-baseline="central"
                    style="font-family: sans-serif; font-size: 11px; fill: #333333;"
                    text-anchor="end"
                    transform="translate(-10,0) rotate(0)"
                  >
                    components.QuestionnaireResults.TableILS.Reflective
                  </text>
                </g>
                <line
                  style="stroke: transparent; stroke-width: 1;"
                  x1="0"
                  x2="0"
                  y1="0"
                  y2="250"
                />
              </g>
              <g
                transform="translate(155, 192)"
              >
                <rect
                  fill="#a50026"
                  focusable="false"
                  height="41"
                  rx="10"
                  ry="10"
                  stroke="rgb(81, 0, 19)"
                  stroke-width="0"
                  width="0"
                />
                <text
                  dominant-baseline="central"
                  fill-opacity="0"
                  style="font-family: sans-serif; font-size: 11px; fill: #fff; pointer-events: none;"
                  text-anchor="middle"
                  x="65"
                  y="20.5"
                >
                  -5
                </text>
              </g>
              <g
                transform="translate(285, 134)"
              >
                <rect
                  fill="#d73027"
                  focusable="false"
                  height="41"
                  rx="10"
                  ry="10"
                  stroke="rgb(105, 24, 19)"
                  stroke-width="0"
                  width="0"
                />
                <text
                  dominant-baseline="central"
                  fill-opacity="0"
                  style="font-family: sans-serif; font-size: 11px; fill: #fff; pointer-events: none;"
                  text-anchor="middle"
                  x="39"
                  y="20.5"
                >
                  3
                </text>
              </g>
              <g
                transform="translate(285, 76)"
              >
                <rect
                  fill="#f46d43"
                  focusable="false"
                  height="41"
                  rx="10"
                  ry="10"
                  stroke="rgb(120, 53, 33)"
                  stroke-width="0"
                  width="0"
                />
                <text
                  dominant-baseline="central"
                  fill-opacity="0"
                  style="font-family: sans-serif; font-size: 11px; fill: #fff; pointer-events: none;"
                  text-anchor="middle"
                  x="90.5"
                  y="20.5"
                >
                  7
                </text>
              </g>
              <g
                transform="translate(0, 18)"
              >
                <rect
                  fill="#fdae61"
                  focusable="false"
                  height="41"
                  rx="10"
                  ry="10"
                  stroke="rgb(124, 85, 48)"
                  stroke-width="0"
                  width="0"
                />
                <text
                  dominant-baseline="central"
                  fill-opacity="0"
                  style="font-family: sans-serif; font-size: 11px; fill: #fff; pointer-events: none;"
                  text-anchor="middle"
                  x="142.5"
                  y="20.5"
                >
                  -11
                </text>
              </g>
            </g>
          </svg>
        </div>
      </div>
    </div>
  </body>,
  "container": <div>
    <div>
      <div
        style="position: relative;"
      >
        <svg
          focusable="false"
          height="300"
          role="img"
          width="750"
          xmlns="http://www.w3.org/2000/svg"
        >
          <defs
            aria-hidden="true"
          >
            <pattern
              height="10"
              id="dots"
              patternUnits="userSpaceOnUse"
              width="10"
            >
              <rect
                fill="inherit"
                height="10"
                width="10"
              />
              <circle
                cx="2.5"
                cy="2.5"
                fill="#b62867"
                r="2"
              />
              <circle
                cx="7.5"
                cy="7.5"
                fill="#b62867"
                r="2"
              />
            </pattern>
            <pattern
              height="14.14213562373095"
              id="lines"
              patternUnits="userSpaceOnUse"
              width="14.142135623730951"
            >
              <rect
                fill="inherit"
                height="14.14213562373095"
                stroke="rgba(255, 0, 0, 0.1)"
                stroke-width="0"
                width="14.142135623730951"
              />
              <path
                d="
                    M -14.142135623730951 14.14213562373095 L 14.142135623730951 -14.14213562373095
                    M -14.142135623730951 28.2842712474619 L 28.284271247461902 -14.14213562373095
                    M 0 28.2842712474619 L 28.284271247461902 0
                "
                stroke="#eed312"
                stroke-linecap="square"
                stroke-width="6"
              />
            </pattern>
          </defs>
          <rect
            fill="transparent"
            height="300"
            width="750"
          />
          <g
            transform="translate(80,0)"
          >
            <g>
              <line
                opacity="1"
                stroke="#dddddd"
                stroke-width="1"
                x1="0"
                x2="570"
                y1="213"
                y2="213"
              />
              <line
                opacity="1"
                stroke="#dddddd"
                stroke-width="1"
                x1="0"
                x2="570"
                y1="155"
                y2="155"
              />
              <line
                opacity="1"
                stroke="#dddddd"
                stroke-width="1"
                x1="0"
                x2="570"
                y1="97"
                y2="97"
              />
              <line
                opacity="1"
                stroke="#dddddd"
                stroke-width="1"
                x1="0"
                x2="570"
                y1="39"
                y2="39"
              />
            </g>
            <g
              transform="translate(570,0)"
            >
              <g
                style="opacity: 1;"
                transform="translate(0,213)"
              >
                <line
                  style="stroke: #777777; stroke-width: 1;"
                  x1="0"
                  x2="5"
                  y1="0"
                  y2="0"
                />
                <text
                  dominant-baseline="central"
                  style="font-family: sans-serif; font-size: 11px; fill: #333333;"
                  text-anchor="start"
                  transform="translate(10,0) rotate(0)"
                >
                   components.QuestionnaireResults.TableILS.Sequential
                </text>
              </g>
              <g
                style="opacity: 1;"
                transform="translate(0,155)"
              >
                <line
                  style="stroke: #777777; stroke-width: 1;"
                  x1="0"
                  x2="5"
                  y1="0"
                  y2="0"
                />
                <text
                  dominant-baseline="central"
                  style="font-family: sans-serif; font-size: 11px; fill: #333333;"
                  text-anchor="start"
                  transform="translate(10,0) rotate(0)"
                >
                   components.QuestionnaireResults.TableILS.Visual
                </text>
              </g>
              <g
                style="opacity: 1;"
                transform="translate(0,97)"
              >
                <line
                  style="stroke: #777777; stroke-width: 1;"
                  x1="0"
                  x2="5"
                  y1="0"
                  y2="0"
                />
                <text
                  dominant-baseline="central"
                  style="font-family: sans-serif; font-size: 11px; fill: #333333;"
                  text-anchor="start"
                  transform="translate(10,0) rotate(0)"
                >
                   components.QuestionnaireResults.TableILS.Sensory
                </text>
              </g>
              <g
                style="opacity: 1;"
                transform="translate(0,39)"
              >
                <line
                  style="stroke: #777777; stroke-width: 1;"
                  x1="0"
                  x2="5"
                  y1="0"
                  y2="0"
                />
                <text
                  dominant-baseline="central"
                  style="font-family: sans-serif; font-size: 11px; fill: #333333;"
                  text-anchor="start"
                  transform="translate(10,0) rotate(0)"
                >
                   components.QuestionnaireResults.TableILS.Active
                </text>
              </g>
              <line
                style="stroke: transparent; stroke-width: 1;"
                x1="0"
                x2="0"
                y1="0"
                y2="250"
              />
            </g>
            <g
              transform="translate(0,250)"
            >
              <g
                style="opacity: 1;"
                transform="translate(0,0)"
              >
                <line
                  style="stroke: #777777; stroke-width: 1;"
                  x1="0"
                  x2="0"
                  y1="0"
                  y2="5"
                />
                <text
                  dominant-baseline="text-before-edge"
                  style="font-family: sans-serif; font-size: 11px; fill: #333333;"
                  text-anchor="middle"
                  transform="translate(0,10) rotate(0)"
                >
                  -11
                </text>
              </g>
              <g
                style="opacity: 1;"
                transform="translate(52,0)"
              >
                <line
                  style="stroke: #777777; stroke-width: 1;"
                  x1="0"
                  x2="0"
                  y1="0"
                  y2="5"
                />
                <text
                  dominant-baseline="text-before-edge"
                  style="font-family: sans-serif; font-size: 11px; fill: #333333;"
                  text-anchor="middle"
                  transform="translate(0,10) rotate(0)"
                >
                  -9
                </text>
              </g>
              <g
                style="opacity: 1;"
                transform="translate(104,0)"
              >
                <line
                  style="stroke: #777777; stroke-width: 1;"
                  x1="0"
                  x2="0"
                  y1="0"
                  y2="5"
                />
                <text
                  dominant-baseline="text-before-edge"
                  style="font-family: sans-serif; font-size: 11px; fill: #333333;"
                  text-anchor="middle"
                  transform="translate(0,10) rotate(0)"
                >
                  -7
                </text>
              </g>
              <g
                style="opacity: 1;"
                transform="translate(155,0)"
              >
                <line
                  style="stroke: #777777; stroke-width: 1;"
                  x1="0"
                  x2="0"
                  y1="0"
                  y2="5"
                />
                <text
                  dominant-baseline="text-before-edge"
                  style="font-family: sans-serif; font-size: 11px; fill: #333333;"
                  text-anchor="middle"
                  transform="translate(0,10) rotate(0)"
                >
                  -5
                </text>
              </g>
              <g
                style="opacity: 1;"
                transform="translate(207,0)"
              >
                <line
                  style="stroke: #777777; stroke-width: 1;"
                  x1="0"
                  x2="0"
                  y1="0"
                  y2="5"
                />
                <text
                  dominant-baseline="text-before-edge"
                  style="font-family: sans-serif; font-size: 11px; fill: #333333;"
                  text-anchor="middle"
                  transform="translate(0,10) rotate(0)"
                >
                  -3
                </text>
              </g>
              <g
                style="opacity: 1;"
                transform="translate(259,0)"
              >
                <line
                  style="stroke: #777777; stroke-width: 1;"
                  x1="0"
                  x2="0"
                  y1="0"
                  y2="5"
                />
                <text
                  dominant-baseline="text-before-edge"
                  style="font-family: sans-serif; font-size: 11px; fill: #333333;"
                  text-anchor="middle"
                  transform="translate(0,10) rotate(0)"
                >
                  -1
                </text>
              </g>
              <g
                style="opacity: 1;"
                transform="translate(311,0)"
              >
                <line
                  style="stroke: #777777; stroke-width: 1;"
                  x1="0"
                  x2="0"
                  y1="0"
                  y2="5"
                />
                <text
                  dominant-baseline="text-before-edge"
                  style="font-family: sans-serif; font-size: 11px; fill: #333333;"
                  text-anchor="middle"
                  transform="translate(0,10) rotate(0)"
                >
                  1
                </text>
              </g>
              <g
                style="opacity: 1;"
                transform="translate(363,0)"
              >
                <line
                  style="stroke: #777777; stroke-width: 1;"
                  x1="0"
                  x2="0"
                  y1="0"
                  y2="5"
                />
                <text
                  dominant-baseline="text-before-edge"
                  style="font-family: sans-serif; font-size: 11px; fill: #333333;"
                  text-anchor="middle"
                  transform="translate(0,10) rotate(0)"
                >
                  3
                </text>
              </g>
              <g
                style="opacity: 1;"
                transform="translate(415,0)"
              >
                <line
                  style="stroke: #777777; stroke-width: 1;"
                  x1="0"
                  x2="0"
                  y1="0"
                  y2="5"
                />
                <text
                  dominant-baseline="text-before-edge"
                  style="font-family: sans-serif; font-size: 11px; fill: #333333;"
                  text-anchor="middle"
                  transform="translate(0,10) rotate(0)"
                >
                  5
                </text>
              </g>
              <g
                style="opacity: 1;"
                transform="translate(466,0)"
              >
                <line
                  style="stroke: #777777; stroke-width: 1;"
                  x1="0"
                  x2="0"
                  y1="0"
                  y2="5"
                />
                <text
                  dominant-baseline="text-before-edge"
                  style="font-family: sans-serif; font-size: 11px; fill: #333333;"
                  text-anchor="middle"
                  transform="translate(0,10) rotate(0)"
                >
                  7
                </text>
              </g>
              <g
                style="opacity: 1;"
                transform="translate(518,0)"
              >
                <line
                  style="stroke: #777777; stroke-width: 1;"
                  x1="0"
                  x2="0"
                  y1="0"
                  y2="5"
                />
                <text
                  dominant-baseline="text-before-edge"
                  style="font-family: sans-serif; font-size: 11px; fill: #333333;"
                  text-anchor="middle"
                  transform="translate(0,10) rotate(0)"
                >
                  9
                </text>
              </g>
              <g
                style="opacity: 1;"
                transform="translate(570,0)"
              >
                <line
                  style="stroke: #777777; stroke-width: 1;"
                  x1="0"
                  x2="0"
                  y1="0"
                  y2="5"
                />
                <text
                  dominant-baseline="text-before-edge"
                  style="font-family: sans-serif; font-size: 11px; fill: #333333;"
                  text-anchor="middle"
                  transform="translate(0,10) rotate(0)"
                >
                  11
                </text>
              </g>
              <line
                style="stroke: transparent; stroke-width: 1;"
                x1="0"
                x2="570"
                y1="0"
                y2="0"
              />
              <text
                style="dominant-baseline: central; font-size: 12px; font-family: sans-serif; fill: #333333;"
                text-anchor="middle"
                transform="translate(285, 32) rotate(0)"
              >
                components.QuestionnaireResults.TableILS.Score
              </text>
            </g>
            <g
              transform="translate(0,0)"
            >
              <g
                style="opacity: 1;"
                transform="translate(0,213)"
              >
                <line
                  style="stroke: #777777; stroke-width: 1;"
                  x1="0"
                  x2="-5"
                  y1="0"
                  y2="0"
                />
                <text
                  dominant-baseline="central"
                  style="font-family: sans-serif; font-size: 11px; fill: #333333;"
                  text-anchor="end"
                  transform="translate(-10,0) rotate(0)"
                >
                  components.QuestionnaireResults.TableILS.Global
                </text>
              </g>
              <g
                style="opacity: 1;"
                transform="translate(0,155)"
              >
                <line
                  style="stroke: #777777; stroke-width: 1;"
                  x1="0"
                  x2="-5"
                  y1="0"
                  y2="0"
                />
                <text
                  dominant-baseline="central"
                  style="font-family: sans-serif; font-size: 11px; fill: #333333;"
                  text-anchor="end"
                  transform="translate(-10,0) rotate(0)"
                >
                  components.QuestionnaireResults.TableILS.Verbal
                </text>
              </g>
              <g
                style="opacity: 1;"
                transform="translate(0,97)"
              >
                <line
                  style="stroke: #777777; stroke-width: 1;"
                  x1="0"
                  x2="-5"
                  y1="0"
                  y2="0"
                />
                <text
                  dominant-baseline="central"
                  style="font-family: sans-serif; font-size: 11px; fill: #333333;"
                  text-anchor="end"
                  transform="translate(-10,0) rotate(0)"
                >
                  components.QuestionnaireResults.TableILS.Intuitive
                </text>
              </g>
              <g
                style="opacity: 1;"
                transform="translate(0,39)"
              >
                <line
                  style="stroke: #777777; stroke-width: 1;"
                  x1="0"
                  x2="-5"
                  y1="0"
                  y2="0"
                />
                <text
                  dominant-baseline="central"
                  style="font-family: sans-serif; font-size: 11px; fill: #333333;"
                  text-anchor="end"
                  transform="translate(-10,0) rotate(0)"
                >
                  components.QuestionnaireResults.TableILS.Reflective
                </text>
              </g>
              <line
                style="stroke: transparent; stroke-width: 1;"
                x1="0"
                x2="0"
                y1="0"
                y2="250"
              />
            </g>
            <g
              transform="translate(155, 192)"
            >
              <rect
                fill="#a50026"
                focusable="false"
                height="41"
                rx="10"
                ry="10"
                stroke="rgb(81, 0, 19)"
                stroke-width="0"
                width="0"
              />
              <text
                dominant-baseline="central"
                fill-opacity="0"
                style="font-family: sans-serif; font-size: 11px; fill: #fff; pointer-events: none;"
                text-anchor="middle"
                x="65"
                y="20.5"
              >
                -5
              </text>
            </g>
            <g
              transform="translate(285, 134)"
            >
              <rect
                fill="#d73027"
                focusable="false"
                height="41"
                rx="10"
                ry="10"
                stroke="rgb(105, 24, 19)"
                stroke-width="0"
                width="0"
              />
              <text
                dominant-baseline="central"
                fill-opacity="0"
                style="font-family: sans-serif; font-size: 11px; fill: #fff; pointer-events: none;"
                text-anchor="middle"
                x="39"
                y="20.5"
              >
                3
              </text>
            </g>
            <g
              transform="translate(285, 76)"
            >
              <rect
                fill="#f46d43"
                focusable="false"
                height="41"
                rx="10"
                ry="10"
                stroke="rgb(120, 53, 33)"
                stroke-width="0"
                width="0"
              />
              <text
                dominant-baseline="central"
                fill-opacity="0"
                style="font-family: sans-serif; font-size: 11px; fill: #fff; pointer-events: none;"
                text-anchor="middle"
                x="90.5"
                y="20.5"
              >
                7
              </text>
            </g>
            <g
              transform="translate(0, 18)"
            >
              <rect
                fill="#fdae61"
                focusable="false"
                height="41"
                rx="10"
                ry="10"
                stroke="rgb(124, 85, 48)"
                stroke-width="0"
                width="0"
              />
              <text
                dominant-baseline="central"
                fill-opacity="0"
                style="font-family: sans-serif; font-size: 11px; fill: #fff; pointer-events: none;"
                text-anchor="middle"
                x="142.5"
                y="20.5"
              >
                -11
              </text>
            </g>
          </g>
        </svg>
      </div>
    </div>
  </div>,
  "debug": [Function],
  "findAllByAltText": [Function],
  "findAllByDisplayValue": [Function],
  "findAllByLabelText": [Function],
  "findAllByPlaceholderText": [Function],
  "findAllByRole": [Function],
  "findAllByTestId": [Function],
  "findAllByText": [Function],
  "findAllByTitle": [Function],
  "findByAltText": [Function],
  "findByDisplayValue": [Function],
  "findByLabelText": [Function],
  "findByPlaceholderText": [Function],
  "findByRole": [Function],
  "findByTestId": [Function],
  "findByText": [Function],
  "findByTitle": [Function],
  "getAllByAltText": [Function],
  "getAllByDisplayValue": [Function],
  "getAllByLabelText": [Function],
  "getAllByPlaceholderText": [Function],
  "getAllByRole": [Function],
  "getAllByTestId": [Function],
  "getAllByText": [Function],
  "getAllByTitle": [Function],
  "getByAltText": [Function],
  "getByDisplayValue": [Function],
  "getByLabelText": [Function],
  "getByPlaceholderText": [Function],
  "getByRole": [Function],
  "getByTestId": [Function],
  "getByText": [Function],
  "getByTitle": [Function],
  "queryAllByAltText": [Function],
  "queryAllByDisplayValue": [Function],
  "queryAllByLabelText": [Function],
  "queryAllByPlaceholderText": [Function],
  "queryAllByRole": [Function],
  "queryAllByTestId": [Function],
  "queryAllByText": [Function],
  "queryAllByTitle": [Function],
  "queryByAltText": [Function],
  "queryByDisplayValue": [Function],
  "queryByLabelText": [Function],
  "queryByPlaceholderText": [Function],
  "queryByRole": [Function],
  "queryByTestId": [Function],
  "queryByText": [Function],
  "queryByTitle": [Function],
  "rerender": [Function],
  "unmount": [Function],
}
`;
